{
 "parent_CALIFA": 280,
 "parent_SAMI": 2996,
 "dropped_in_MaNGA": 101,
 "dropped_SAMI_in_CALIFA": 0,
 "parent_after_cuts": 2391,
 "SAMI_maps_missing": 0
}
PA fits: done 0, to do 2391
  25/2391 (0 failed)
  50/2391 (0 failed)
  75/2391 (0 failed)
  100/2391 (0 failed)
  125/2391 (0 failed)
  150/2391 (0 failed)
  175/2391 (0 failed)
  200/2391 (0 failed)
  225/2391 (0 failed)
  250/2391 (0 failed)
  275/2391 (0 failed)
  300/2391 (0 failed)
  325/2391 (0 failed)
  350/2391 (0 failed)
  375/2391 (0 failed)
  400/2391 (0 failed)
  425/2391 (0 failed)
  450/2391 (0 failed)
  475/2391 (0 failed)
  500/2391 (0 failed)
  525/2391 (0 failed)
  550/2391 (0 failed)
  575/2391 (0 failed)
  600/2391 (0 failed)
  625/2391 (0 failed)
  650/2391 (0 failed)
  675/2391 (0 failed)
  700/2391 (0 failed)
  725/2391 (0 failed)
  750/2391 (0 failed)
  775/2391 (0 failed)
  800/2391 (0 failed)
  825/2391 (0 failed)
  850/2391 (0 failed)
  875/2391 (0 failed)
  900/2391 (0 failed)
  925/2391 (0 failed)
  950/2391 (0 failed)
  975/2391 (0 failed)
  1000/2391 (0 failed)
  1025/2391 (0 failed)
  1050/2391 (0 failed)
  1075/2391 (0 failed)
  1100/2391 (0 failed)
  1125/2391 (0 failed)
  1150/2391 (0 failed)
  1175/2391 (0 failed)
  1200/2391 (0 failed)
  1225/2391 (0 failed)
  1250/2391 (0 failed)
  1275/2391 (0 failed)
  1300/2391 (0 failed)
  1325/2391 (0 failed)
  1350/2391 (0 failed)
  1375/2391 (0 failed)
  1400/2391 (0 failed)
  1425/2391 (0 failed)
  1450/2391 (0 failed)
  1475/2391 (0 failed)
  1500/2391 (0 failed)
  1525/2391 (0 failed)
  1550/2391 (0 failed)
  1575/2391 (0 failed)
  1600/2391 (0 failed)
  1625/2391 (0 failed)
  1650/2391 (0 failed)
  1675/2391 (0 failed)
  1700/2391 (0 failed)
  1725/2391 (0 failed)
  1750/2391 (0 failed)
  1775/2391 (0 failed)
  1800/2391 (0 failed)
  1825/2391 (0 failed)
  1850/2391 (0 failed)
  1875/2391 (0 failed)
  1900/2391 (0 failed)
  1925/2391 (0 failed)
  1950/2391 (0 failed)
  1975/2391 (0 failed)
  2000/2391 (0 failed)
  2025/2391 (0 failed)
  2050/2391 (0 failed)
  2075/2391 (0 failed)
  2100/2391 (0 failed)
  2125/2391 (0 failed)
  2150/2391 (0 failed)
  2175/2391 (0 failed)
  2200/2391 (0 failed)
  2225/2391 (0 failed)
  2250/2391 (0 failed)
  2275/2391 (0 failed)
  2300/2391 (0 failed)
  2325/2391 (0 failed)
  2350/2391 (0 failed)
  2375/2391 (0 failed)
  2391/2391 (0 failed)
