{
 "MaNGA_with_merger_cut": {
  "a": 15.637182321382909,
  "sd_a": 10.828111549623465,
  "b": 0.29162478772129946,
  "b_lo95_onesided": -0.253931930832394,
  "P": 40.2799056150838,
  "log10BF": -0.6718110208278073,
  "BF": 0.21290652872447793,
  "f": 0.3882129831885004,
  "f_ci95": [
   -0.02240580256347479,
   0.9613862984548941
  ],
  "f_upper95": 0.8973066491787096,
  "label": "moderate evidence for H_C",
  "code": -1,
  "N": 83
 },
 "MaNGA_without_merger_cut": {
  "a": 18.573676784892744,
  "sd_a": 9.678994914648712,
  "b": 0.2620095026269491,
  "b_lo95_onesided": -0.2502379862722902,
  "P": 40.23878533328924,
  "log10BF": -0.2883356350032468,
  "BF": 0.5148306152028431,
  "f": 0.4615864179559834,
  "f_ci95": [
   0.03698330746572705,
   0.9510525180610603
  ],
  "f_upper95": 0.8284857952613667,
  "label": "inconclusive",
  "code": 0,
  "N": 83
 }
}
