 V_cut  R_Re   k  N_CR  N_CO     S    sS  S_pred_template  S_pred_RAR  excl_template_sigma  excl_RAR_sigma  upper2s_frac_template  upper2s_frac_RAR
    40   1.0 k-1    90   270  7.86 10.66            42.23       33.01                 3.22            2.36                   0.69              0.88
    40   1.0   k    90   270  6.58  8.64            42.23       33.01                 4.13            3.06                   0.56              0.72
    40   1.0 k+1    90   270 14.20  6.16            42.23       33.01                 4.55            3.05                   0.63              0.80
    40   1.5 k-1    83   243 16.59  7.00            42.23       33.01                 3.66            2.35                   0.72              0.93
    40   1.5   k    83   243 19.39  7.69            42.23       33.01                 2.97            1.77                   0.82              1.05
    40   1.5 k+1    83   243 22.28  7.34            42.23       33.01                 2.72            1.46                   0.88              1.12
    60   1.0 k-1    69   207 14.54 10.82            43.67       33.43                 2.69            1.75                   0.83              1.08
    60   1.0   k    69   207 14.72  9.53            43.67       33.43                 3.04            1.96                   0.77              1.01
    60   1.0 k+1    69   207 18.59  7.05            43.67       33.43                 3.55            2.10                   0.75              0.98
    60   1.5 k-1    64   190 21.36  8.54            43.67       33.43                 2.61            1.41                   0.88              1.15
    60   1.5   k    64   190 27.08  7.53            43.67       33.43                 2.20            0.84                   0.97              1.26
    60   1.5 k+1    64   190 26.14  8.21            43.67       33.43                 2.14            0.89                   0.97              1.27
    80   1.0 k-1    58   174 13.43 13.66            44.79       33.93                 2.30            1.50                   0.91              1.20
    80   1.0   k    58   174 13.67 11.01            44.79       33.93                 2.83            1.84                   0.80              1.05
    80   1.0 k+1    58   174 18.25  7.60            44.79       33.93                 3.49            2.06                   0.75              0.99
    80   1.5 k-1    53   157 24.00 11.13            44.79       33.93                 1.87            0.89                   1.03              1.36
    80   1.5   k    53   157 28.66  8.09            44.79       33.93                 1.99            0.65                   1.00              1.32
    80   1.5 k+1    53   157 26.36 10.67            44.79       33.93                 1.73            0.71                   1.07              1.41
   100   1.0 k-1    46   138 19.91 17.74            45.66       34.25                 1.45            0.81                   1.21              1.62
   100   1.0   k    46   138 23.78 13.46            45.66       34.25                 1.63            0.78                   1.11              1.48
   100   1.0 k+1    46   138 20.42  9.05            45.66       34.25                 2.79            1.53                   0.84              1.12
   100   1.5 k-1    41   122 37.01 16.18            45.66       34.25                 0.54           -0.17                   1.52              2.03
   100   1.5   k    41   122 32.00 12.69            45.66       34.25                 1.08            0.18                   1.26              1.68
   100   1.5 k+1    41   122 28.75 11.83            45.66       34.25                 1.43            0.47                   1.15              1.53
